[2026-05-02T05:27:48.606Z] [VehicleScheduler] [INFO] Starting vehicle scheduling process...
---
[2026-05-02T05:27:48.608Z] [VehicleScheduler] [INFO] Fetching depots from API...
---
[2026-05-02T05:27:48.668Z] [VehicleScheduler] [SUCCESS] Depots fetched successfully
{
  "count": 5
}
---
[2026-05-02T05:27:48.668Z] [VehicleScheduler] [INFO] Fetching vehicles from API...
---
[2026-05-02T05:27:48.696Z] [VehicleScheduler] [SUCCESS] Vehicles fetched successfully
{
  "count": 38
}
---
[2026-05-02T05:27:48.697Z] [VehicleScheduler] [INFO] Processing scheduling for each depot...
---
[2026-05-02T05:27:48.698Z] [VehicleScheduler] [INFO] Scheduling for Depot 1...
{
  "mechanic_hours": 60
}
---
[2026-05-02T05:27:48.699Z] [VehicleScheduler] [SUCCESS] Depot 1 scheduling complete
{
  "total_impact": 119,
  "duration_used": 60,
  "tasks_selected": 17
}
---
[2026-05-02T05:27:48.699Z] [VehicleScheduler] [INFO] Scheduling for Depot 2...
{
  "mechanic_hours": 135
}
---
[2026-05-02T05:27:48.700Z] [VehicleScheduler] [SUCCESS] Depot 2 scheduling complete
{
  "total_impact": 194,
  "duration_used": 135,
  "tasks_selected": 28
}
---
[2026-05-02T05:27:48.701Z] [VehicleScheduler] [INFO] Scheduling for Depot 3...
{
  "mechanic_hours": 188
}
---
[2026-05-02T05:27:48.702Z] [VehicleScheduler] [SUCCESS] Depot 3 scheduling complete
{
  "total_impact": 220,
  "duration_used": 187,
  "tasks_selected": 37
}
---
[2026-05-02T05:27:48.702Z] [VehicleScheduler] [INFO] Scheduling for Depot 4...
{
  "mechanic_hours": 97
}
---
[2026-05-02T05:27:48.702Z] [VehicleScheduler] [SUCCESS] Depot 4 scheduling complete
{
  "total_impact": 160,
  "duration_used": 97,
  "tasks_selected": 23
}
---
[2026-05-02T05:27:48.703Z] [VehicleScheduler] [INFO] Scheduling for Depot 5...
{
  "mechanic_hours": 164
}
---
[2026-05-02T05:27:48.704Z] [VehicleScheduler] [SUCCESS] Depot 5 scheduling complete
{
  "total_impact": 212,
  "duration_used": 164,
  "tasks_selected": 33
}
---
[2026-05-02T05:27:48.704Z] [VehicleScheduler] [SUCCESS] Vehicle scheduling completed successfully
{
  "totalImpactScore": 905,
  "totalTasksScheduled": 138,
  "averageImpactPerDepot": "181.00"
}
---
[2026-05-02T05:27:48.705Z] [VehicleScheduler] [INFO] Saving results to file...
---
[2026-05-02T05:27:48.706Z] [VehicleScheduler] [SUCCESS] Results saved successfully
{
  "path": "C:\\Users\\aksha\\OneDrive\\Desktop\\afford_exam\\vehicle_scheduling\\vehicle_schedule_2026-05-02.json"
}
---
[2026-05-02T05:34:31.606Z] [info] Starting vehicle scheduling process... (API FAILED: Request failed with status code 404)
[2026-05-02T05:34:31.630Z] [error] Scheduling failed | {"error":"Request failed with status code 404","stack":"AxiosError: Request failed with status code 404\n    at settle (C:\\Users\\aksha\\OneDrive\\Desktop\\afford_exam\\node_modules\\axios\\dist\\node\\axios.cjs:1970:12)\n    at IncomingMessage.handleStreamEnd (C:\\Users\\aksha\\OneDrive\\Desktop\\afford_exam\\node_modules\\axios\\dist\\node\\axios.cjs:3377:11)\n    at IncomingMessage.emit (node:events:531:35)\n    at endReadableNT (node:internal/streams/readable:1698:12)\n    at process.processTicksAndRejections (node:internal/process/task_queues:90:21)\n    at Axios.request (C:\\Users\\aksha\\OneDrive\\Desktop\\afford_exam\\node_modules\\axios\\dist\\node\\axios.cjs:4517:41)\n    at process.processTicksAndRejections (node:internal/process/task_queues:105:5)\n    at async Log (C:\\Users\\aksha\\OneDrive\\Desktop\\afford_exam\\logging_middleware\\logger.js:43:22)\n    at async Logger.info (C:\\Users\\aksha\\OneDrive\\Desktop\\afford_exam\\logging_middleware\\logger.js:88:12)\n    at async scheduleVehicles (C:\\Users\\aksha\\OneDrive\\Desktop\\afford_exam\\vechile_maintence_scheduler\\scheduler.js:97:5)\n    at async main (C:\\Users\\aksha\\OneDrive\\Desktop\\afford_exam\\vechile_maintence_scheduler\\scheduler.js:191:22)"} (API FAILED: Request failed with status code 404)
[2026-05-02T05:34:31.655Z] [error] Main execution failed | {"error":"Request failed with status code 404"} (API FAILED: Request failed with status code 404)
[2026-05-02T05:39:42.836Z] [info] Starting vehicle scheduling process... (API FAILED: Request failed with status code 404)
[2026-05-02T05:39:42.862Z] [error] Scheduling failed | {"error":"Request failed with status code 404","stack":"AxiosError: Request failed with status code 404\n    at settle (C:\\Users\\aksha\\OneDrive\\Desktop\\afford_exam\\node_modules\\axios\\dist\\node\\axios.cjs:1970:12)\n    at IncomingMessage.handleStreamEnd (C:\\Users\\aksha\\OneDrive\\Desktop\\afford_exam\\node_modules\\axios\\dist\\node\\axios.cjs:3377:11)\n    at IncomingMessage.emit (node:events:531:35)\n    at endReadableNT (node:internal/streams/readable:1698:12)\n    at process.processTicksAndRejections (node:internal/process/task_queues:90:21)\n    at Axios.request (C:\\Users\\aksha\\OneDrive\\Desktop\\afford_exam\\node_modules\\axios\\dist\\node\\axios.cjs:4517:41)\n    at process.processTicksAndRejections (node:internal/process/task_queues:105:5)\n    at async Log (C:\\Users\\aksha\\OneDrive\\Desktop\\afford_exam\\logging_middleware\\logger.js:43:22)\n    at async Logger.info (C:\\Users\\aksha\\OneDrive\\Desktop\\afford_exam\\logging_middleware\\logger.js:88:12)\n    at async scheduleVehicles (C:\\Users\\aksha\\OneDrive\\Desktop\\afford_exam\\vechile_maintence_scheduler\\scheduler.js:97:5)\n    at async main (C:\\Users\\aksha\\OneDrive\\Desktop\\afford_exam\\vechile_maintence_scheduler\\scheduler.js:191:22)"} (API FAILED: Request failed with status code 404)
[2026-05-02T05:39:42.887Z] [error] Main execution failed | {"error":"Request failed with status code 404"} (API FAILED: Request failed with status code 404)
[2026-05-02T05:42:50.689Z] [info] Starting vehicle scheduling process...
[2026-05-02T05:42:50.744Z] [info] Fetching depots from API...
[2026-05-02T05:42:50.791Z] [error] Failed to fetch depots | {"error":"Request failed with status code 401"}
[2026-05-02T05:42:50.815Z] [error] Scheduling failed | {"error":"Request failed with status code 401","stack":"AxiosError: Request failed with status code 401\n    at settle (C:\\Users\\aksha\\OneDrive\\Desktop\\afford_exam\\node_modules\\axios\\dist\\node\\axios.cjs:1970:12)\n    at IncomingMessage.handleStreamEnd (C:\\Users\\aksha\\OneDrive\\Desktop\\afford_exam\\node_modules\\axios\\dist\\node\\axios.cjs:3377:11)\n    at IncomingMessage.emit (node:events:531:35)\n    at endReadableNT (node:internal/streams/readable:1698:12)\n    at process.processTicksAndRejections (node:internal/process/task_queues:90:21)\n    at Axios.request (C:\\Users\\aksha\\OneDrive\\Desktop\\afford_exam\\node_modules\\axios\\dist\\node\\axios.cjs:4517:41)\n    at process.processTicksAndRejections (node:internal/process/task_queues:105:5)\n    at async fetchDepots (C:\\Users\\aksha\\OneDrive\\Desktop\\afford_exam\\vechile_maintence_scheduler\\scheduler.js:22:22)\n    at async scheduleVehicles (C:\\Users\\aksha\\OneDrive\\Desktop\\afford_exam\\vechile_maintence_scheduler\\scheduler.js:100:20)\n    at async main (C:\\Users\\aksha\\OneDrive\\Desktop\\afford_exam\\vechile_maintence_scheduler\\scheduler.js:191:22)"}
[2026-05-02T05:42:50.843Z] [error] Main execution failed | {"error":"Request failed with status code 401"}
[2026-05-02T05:43:07.066Z] [info] Starting vehicle scheduling process...
[2026-05-02T05:43:07.120Z] [info] Fetching depots from API...
[2026-05-02T05:43:07.166Z] [error] Failed to fetch depots | {"error":"Request failed with status code 401"}
[2026-05-02T05:43:07.190Z] [error] Scheduling failed | {"error":"Request failed with status code 401","stack":"AxiosError: Request failed with status code 401\n    at settle (C:\\Users\\aksha\\OneDrive\\Desktop\\afford_exam\\node_modules\\axios\\dist\\node\\axios.cjs:1970:12)\n    at IncomingMessage.handleStreamEnd (C:\\Users\\aksha\\OneDrive\\Desktop\\afford_exam\\node_modules\\axios\\dist\\node\\axios.cjs:3377:11)\n    at IncomingMessage.emit (node:events:531:35)\n    at endReadableNT (node:internal/streams/readable:1698:12)\n    at process.processTicksAndRejections (node:internal/process/task_queues:90:21)\n    at Axios.request (C:\\Users\\aksha\\OneDrive\\Desktop\\afford_exam\\node_modules\\axios\\dist\\node\\axios.cjs:4517:41)\n    at process.processTicksAndRejections (node:internal/process/task_queues:105:5)\n    at async fetchDepots (C:\\Users\\aksha\\OneDrive\\Desktop\\afford_exam\\vechile_maintence_scheduler\\scheduler.js:22:22)\n    at async scheduleVehicles (C:\\Users\\aksha\\OneDrive\\Desktop\\afford_exam\\vechile_maintence_scheduler\\scheduler.js:100:20)\n    at async main (C:\\Users\\aksha\\OneDrive\\Desktop\\afford_exam\\vechile_maintence_scheduler\\scheduler.js:191:22)"}
[2026-05-02T05:43:07.214Z] [error] Main execution failed | {"error":"Request failed with status code 401"}
[2026-05-02T05:44:50.424Z] [info] Starting vehicle scheduling process...
[2026-05-02T05:44:50.447Z] [info] Fetching depots from API...
[2026-05-02T05:44:50.497Z] [error] Failed to fetch depots | {"error":"Request failed with status code 401"}
[2026-05-02T05:44:50.520Z] [error] Scheduling failed | {"error":"Request failed with status code 401","stack":"AxiosError: Request failed with status code 401\n    at settle (C:\\Users\\aksha\\OneDrive\\Desktop\\afford_exam\\node_modules\\axios\\dist\\node\\axios.cjs:1970:12)\n    at IncomingMessage.handleStreamEnd (C:\\Users\\aksha\\OneDrive\\Desktop\\afford_exam\\node_modules\\axios\\dist\\node\\axios.cjs:3377:11)\n    at IncomingMessage.emit (node:events:531:35)\n    at endReadableNT (node:internal/streams/readable:1698:12)\n    at process.processTicksAndRejections (node:internal/process/task_queues:90:21)\n    at Axios.request (C:\\Users\\aksha\\OneDrive\\Desktop\\afford_exam\\node_modules\\axios\\dist\\node\\axios.cjs:4517:41)\n    at process.processTicksAndRejections (node:internal/process/task_queues:105:5)\n    at async fetchDepots (C:\\Users\\aksha\\OneDrive\\Desktop\\afford_exam\\vechile_maintence_scheduler\\scheduler.js:22:22)\n    at async scheduleVehicles (C:\\Users\\aksha\\OneDrive\\Desktop\\afford_exam\\vechile_maintence_scheduler\\scheduler.js:100:20)\n    at async C:\\Users\\aksha\\OneDrive\\Desktop\\afford_exam\\main.js:60:22"}
[2026-05-02T05:49:09.080Z] [info] Starting vehicle scheduling process...
[2026-05-02T05:49:09.103Z] [info] Fetching depots from API...
[2026-05-02T05:49:09.173Z] [info] [SUCCESS] Depots fetched successfully | {"count":5}
[2026-05-02T05:49:09.197Z] [info] Fetching vehicles from API...
[2026-05-02T05:49:09.296Z] [info] [SUCCESS] Vehicles fetched successfully | {"count":35}
[2026-05-02T05:49:09.320Z] [info] Processing scheduling for each depot...
[2026-05-02T05:49:09.346Z] [info] Scheduling for Depot 1... | {"mechanic_hours":60}
[2026-05-02T05:49:09.349Z] [info] [SUCCESS] Depot 1 scheduling complete | {"total_impact":126,"duration_used":60,"tasks_selected":19}
[2026-05-02T05:49:09.351Z] [info] Scheduling for Depot 2... | {"mechanic_hours":135}
[2026-05-02T05:49:09.352Z] [info] [SUCCESS] Depot 2 scheduling complete | {"total_impact":175,"duration_used":133,"tasks_selected":32}
[2026-05-02T05:49:09.354Z] [info] Scheduling for Depot 3... | {"mechanic_hours":188}
[2026-05-02T05:49:09.355Z] [info] [SUCCESS] Depot 3 scheduling complete | {"total_impact":178,"duration_used":152,"tasks_selected":35}
[2026-05-02T05:49:09.357Z] [info] Scheduling for Depot 4... | {"mechanic_hours":97}
[2026-05-02T05:49:09.360Z] [info] [SUCCESS] Depot 4 scheduling complete | {"total_impact":156,"duration_used":97,"tasks_selected":26}
[2026-05-02T05:49:09.361Z] [info] Scheduling for Depot 5... | {"mechanic_hours":164}
[2026-05-02T05:49:09.363Z] [info] [SUCCESS] Depot 5 scheduling complete | {"total_impact":178,"duration_used":152,"tasks_selected":35}
[2026-05-02T05:49:09.364Z] [info] [SUCCESS] Vehicle scheduling completed successfully | {"totalImpactScore":813,"totalTasksScheduled":147,"averageImpactPerDepot":"162.60"}
[2026-05-02T06:05:32.541Z] [info] Starting vehicle scheduling process...
[2026-05-02T06:05:32.565Z] [info] Fetching depots from API...
[2026-05-02T06:05:32.611Z] [error] Failed to fetch depots | {"error":"Request failed with status code 401"}
[2026-05-02T06:05:32.635Z] [error] Scheduling failed | {"error":"Request failed with status code 401","stack":"AxiosError: Request failed with status code 401\n    at settle (C:\\Users\\aksha\\OneDrive\\Desktop\\afford_exam\\node_modules\\axios\\dist\\node\\axios.cjs:1970:12)\n    at IncomingMessage.handleStreamEnd (C:\\Users\\aksha\\OneDrive\\Desktop\\afford_exam\\node_modules\\axios\\dist\\node\\axios.cjs:3377:11)\n    at IncomingMessage.emit (node:events:531:35)\n    at endReadableNT (node:internal/streams/readable:1698:12)\n    at process.processTicksAndRejections (node:internal/process/task_queues:90:21)\n    at Axios.request (C:\\Users\\aksha\\OneDrive\\Desktop\\afford_exam\\node_modules\\axios\\dist\\node\\axios.cjs:4517:41)\n    at process.processTicksAndRejections (node:internal/process/task_queues:105:5)\n    at async fetchDepots (C:\\Users\\aksha\\OneDrive\\Desktop\\afford_exam\\vechile_maintence_scheduler\\scheduler.js:22:22)\n    at async scheduleVehicles (C:\\Users\\aksha\\OneDrive\\Desktop\\afford_exam\\vechile_maintence_scheduler\\scheduler.js:100:20)\n    at async C:\\Users\\aksha\\OneDrive\\Desktop\\afford_exam\\main.js:60:22"}
[2026-05-02T06:07:05.960Z] [info] Starting vehicle scheduling process...
[2026-05-02T06:07:05.986Z] [info] Fetching depots from API...
[2026-05-02T06:07:06.034Z] [error] Failed to fetch depots | {"error":"Request failed with status code 401"}
[2026-05-02T06:07:06.057Z] [error] Scheduling failed | {"error":"Request failed with status code 401","stack":"AxiosError: Request failed with status code 401\n    at settle (C:\\Users\\aksha\\OneDrive\\Desktop\\afford_exam\\node_modules\\axios\\dist\\node\\axios.cjs:1970:12)\n    at IncomingMessage.handleStreamEnd (C:\\Users\\aksha\\OneDrive\\Desktop\\afford_exam\\node_modules\\axios\\dist\\node\\axios.cjs:3377:11)\n    at IncomingMessage.emit (node:events:531:35)\n    at endReadableNT (node:internal/streams/readable:1698:12)\n    at process.processTicksAndRejections (node:internal/process/task_queues:90:21)\n    at Axios.request (C:\\Users\\aksha\\OneDrive\\Desktop\\afford_exam\\node_modules\\axios\\dist\\node\\axios.cjs:4517:41)\n    at process.processTicksAndRejections (node:internal/process/task_queues:105:5)\n    at async fetchDepots (C:\\Users\\aksha\\OneDrive\\Desktop\\afford_exam\\vechile_maintence_scheduler\\scheduler.js:22:22)\n    at async scheduleVehicles (C:\\Users\\aksha\\OneDrive\\Desktop\\afford_exam\\vechile_maintence_scheduler\\scheduler.js:100:20)\n    at async C:\\Users\\aksha\\OneDrive\\Desktop\\afford_exam\\main.js:60:22"}
[2026-05-02T06:07:09.863Z] [info] Starting vehicle scheduling process...
[2026-05-02T06:07:09.889Z] [info] Fetching depots from API...
[2026-05-02T06:07:09.936Z] [error] Failed to fetch depots | {"error":"Request failed with status code 401"}
[2026-05-02T06:07:09.961Z] [error] Scheduling failed | {"error":"Request failed with status code 401","stack":"AxiosError: Request failed with status code 401\n    at settle (C:\\Users\\aksha\\OneDrive\\Desktop\\afford_exam\\node_modules\\axios\\dist\\node\\axios.cjs:1970:12)\n    at IncomingMessage.handleStreamEnd (C:\\Users\\aksha\\OneDrive\\Desktop\\afford_exam\\node_modules\\axios\\dist\\node\\axios.cjs:3377:11)\n    at IncomingMessage.emit (node:events:531:35)\n    at endReadableNT (node:internal/streams/readable:1698:12)\n    at process.processTicksAndRejections (node:internal/process/task_queues:90:21)\n    at Axios.request (C:\\Users\\aksha\\OneDrive\\Desktop\\afford_exam\\node_modules\\axios\\dist\\node\\axios.cjs:4517:41)\n    at process.processTicksAndRejections (node:internal/process/task_queues:105:5)\n    at async fetchDepots (C:\\Users\\aksha\\OneDrive\\Desktop\\afford_exam\\vechile_maintence_scheduler\\scheduler.js:22:22)\n    at async scheduleVehicles (C:\\Users\\aksha\\OneDrive\\Desktop\\afford_exam\\vechile_maintence_scheduler\\scheduler.js:100:20)\n    at async C:\\Users\\aksha\\OneDrive\\Desktop\\afford_exam\\main.js:60:22"}
[2026-05-02T06:07:31.299Z] [info] Starting vehicle scheduling process...
[2026-05-02T06:07:31.369Z] [info] Fetching depots from API...
[2026-05-02T06:07:31.504Z] [error] Failed to fetch depots | {"error":"Request failed with status code 401"}
[2026-05-02T06:07:31.558Z] [error] Scheduling failed | {"error":"Request failed with status code 401","stack":"AxiosError: Request failed with status code 401\n    at settle (C:\\Users\\aksha\\OneDrive\\Desktop\\afford_exam\\node_modules\\axios\\dist\\node\\axios.cjs:1970:12)\n    at IncomingMessage.handleStreamEnd (C:\\Users\\aksha\\OneDrive\\Desktop\\afford_exam\\node_modules\\axios\\dist\\node\\axios.cjs:3377:11)\n    at IncomingMessage.emit (node:events:531:35)\n    at endReadableNT (node:internal/streams/readable:1698:12)\n    at process.processTicksAndRejections (node:internal/process/task_queues:90:21)\n    at Axios.request (C:\\Users\\aksha\\OneDrive\\Desktop\\afford_exam\\node_modules\\axios\\dist\\node\\axios.cjs:4517:41)\n    at process.processTicksAndRejections (node:internal/process/task_queues:105:5)\n    at async fetchDepots (C:\\Users\\aksha\\OneDrive\\Desktop\\afford_exam\\vechile_maintence_scheduler\\scheduler.js:22:22)\n    at async scheduleVehicles (C:\\Users\\aksha\\OneDrive\\Desktop\\afford_exam\\vechile_maintence_scheduler\\scheduler.js:100:20)\n    at async C:\\Users\\aksha\\OneDrive\\Desktop\\afford_exam\\main.js:60:22"}
[2026-05-02T06:07:45.976Z] [info] Starting vehicle scheduling process...
[2026-05-02T06:07:46.005Z] [info] Fetching depots from API...
[2026-05-02T06:07:46.062Z] [info] [SUCCESS] Depots fetched successfully | {"count":3}
[2026-05-02T06:07:46.091Z] [info] Fetching vehicles from API...
[2026-05-02T06:07:46.148Z] [info] [SUCCESS] Vehicles fetched successfully | {"count":40}
[2026-05-02T06:07:46.173Z] [info] Processing scheduling for each depot...
[2026-05-02T06:07:46.201Z] [info] Scheduling for Depot 2... | {"mechanic_hours":135}
[2026-05-02T06:07:46.203Z] [info] [SUCCESS] Depot 2 scheduling complete | {"total_impact":219,"duration_used":134,"tasks_selected":33}
[2026-05-02T06:07:46.204Z] [info] Scheduling for Depot 3... | {"mechanic_hours":188}
[2026-05-02T06:07:46.206Z] [info] [SUCCESS] Depot 3 scheduling complete | {"total_impact":233,"duration_used":174,"tasks_selected":40}
[2026-05-02T06:07:46.206Z] [info] Scheduling for Depot 4... | {"mechanic_hours":97}
[2026-05-02T06:07:46.208Z] [info] [SUCCESS] Depot 4 scheduling complete | {"total_impact":192,"duration_used":97,"tasks_selected":26}
[2026-05-02T06:07:46.209Z] [info] [SUCCESS] Vehicle scheduling completed successfully | {"totalImpactScore":644,"totalTasksScheduled":99,"averageImpactPerDepot":"214.67"}
[2026-05-02T06:11:12.454Z] [info] Starting vehicle scheduling process...
[2026-05-02T06:11:12.477Z] [info] Fetching depots from API...
[2026-05-02T06:11:12.528Z] [info] [SUCCESS] Depots fetched successfully | {"count":5}
[2026-05-02T06:11:12.551Z] [info] Fetching vehicles from API...
[2026-05-02T06:11:12.601Z] [info] [SUCCESS] Vehicles fetched successfully | {"count":32}
[2026-05-02T06:11:12.625Z] [info] Processing scheduling for each depot...
[2026-05-02T06:11:12.647Z] [info] Scheduling for Depot 1... | {"mechanic_hours":60}
[2026-05-02T06:11:12.648Z] [info] [SUCCESS] Depot 1 scheduling complete | {"total_impact":124,"duration_used":60,"tasks_selected":19}
[2026-05-02T06:11:12.650Z] [info] Scheduling for Depot 2... | {"mechanic_hours":135}
[2026-05-02T06:11:12.651Z] [info] [SUCCESS] Depot 2 scheduling complete | {"total_impact":171,"duration_used":134,"tasks_selected":31}
[2026-05-02T06:11:12.652Z] [info] Scheduling for Depot 3... | {"mechanic_hours":188}
[2026-05-02T06:11:12.653Z] [info] [SUCCESS] Depot 3 scheduling complete | {"total_impact":173,"duration_used":142,"tasks_selected":32}
[2026-05-02T06:11:12.654Z] [info] Scheduling for Depot 4... | {"mechanic_hours":97}
[2026-05-02T06:11:12.656Z] [info] [SUCCESS] Depot 4 scheduling complete | {"total_impact":155,"duration_used":97,"tasks_selected":24}
[2026-05-02T06:11:12.657Z] [info] Scheduling for Depot 5... | {"mechanic_hours":164}
[2026-05-02T06:11:12.658Z] [info] [SUCCESS] Depot 5 scheduling complete | {"total_impact":173,"duration_used":142,"tasks_selected":32}
[2026-05-02T06:11:12.660Z] [info] [SUCCESS] Vehicle scheduling completed successfully | {"totalImpactScore":796,"totalTasksScheduled":138,"averageImpactPerDepot":"159.20"}
[2026-05-02T06:11:15.939Z] [info] Starting vehicle scheduling process...
[2026-05-02T06:11:15.964Z] [info] Fetching depots from API...
[2026-05-02T06:11:16.013Z] [info] [SUCCESS] Depots fetched successfully | {"count":2}
[2026-05-02T06:11:16.035Z] [info] Fetching vehicles from API...
[2026-05-02T06:11:16.082Z] [info] [SUCCESS] Vehicles fetched successfully | {"count":34}
[2026-05-02T06:11:16.106Z] [info] Processing scheduling for each depot...
[2026-05-02T06:11:16.129Z] [info] Scheduling for Depot 3... | {"mechanic_hours":188}
[2026-05-02T06:11:16.130Z] [info] [SUCCESS] Depot 3 scheduling complete | {"total_impact":167,"duration_used":173,"tasks_selected":34}
[2026-05-02T06:11:16.132Z] [info] Scheduling for Depot 4... | {"mechanic_hours":97}
[2026-05-02T06:11:16.133Z] [info] [SUCCESS] Depot 4 scheduling complete | {"total_impact":137,"duration_used":97,"tasks_selected":22}
[2026-05-02T06:11:16.134Z] [info] [SUCCESS] Vehicle scheduling completed successfully | {"totalImpactScore":304,"totalTasksScheduled":56,"averageImpactPerDepot":"152.00"}
[2026-05-02T06:11:18.281Z] [info] Starting vehicle scheduling process...
[2026-05-02T06:11:18.305Z] [info] Fetching depots from API...
[2026-05-02T06:11:18.354Z] [info] [SUCCESS] Depots fetched successfully | {"count":2}
[2026-05-02T06:11:18.379Z] [info] Fetching vehicles from API...
[2026-05-02T06:11:18.428Z] [info] [SUCCESS] Vehicles fetched successfully | {"count":31}
[2026-05-02T06:11:18.451Z] [info] Processing scheduling for each depot...
[2026-05-02T06:11:18.475Z] [info] Scheduling for Depot 2... | {"mechanic_hours":135}
[2026-05-02T06:11:18.476Z] [info] [SUCCESS] Depot 2 scheduling complete | {"total_impact":170,"duration_used":132,"tasks_selected":29}
[2026-05-02T06:11:18.477Z] [info] Scheduling for Depot 3... | {"mechanic_hours":188}
[2026-05-02T06:11:18.479Z] [info] [SUCCESS] Depot 3 scheduling complete | {"total_impact":172,"duration_used":141,"tasks_selected":31}
[2026-05-02T06:11:18.480Z] [info] [SUCCESS] Vehicle scheduling completed successfully | {"totalImpactScore":342,"totalTasksScheduled":60,"averageImpactPerDepot":"171.00"}
